// Jest Snapshot v1, https://goo.gl/fbAQLP

exports[`../routes/Status renders 1`] = `
<Route
  render={[Function]}
/>
`;
